// Jest Snapshot v1, https://goo.gl/fbAQLP

exports[`Landing Page test should render correctly 1`] = `
<div
  className="container"
>
  <div
    className="row"
  >
    <div
      className="col-md front_logo"
    >
      <img
        alt="Grubhub"
        className="img-responsive"
        src="grubhub-logo.jpg"
      />
    </div>
    <div
      className="col-md text-center landing_button"
    >
      <Link
        to="/signup"
      >
        <button
          className="btn btn-outline-primary btn-lg m-5 sign-up"
        >
          Sign Up
        </button>
      </Link>
      <Link
        to="/signin"
      >
        <button
          className="btn btn-outline-primary btn-lg sign-in"
        >
          Sign In
        </button>
      </Link>
    </div>
  </div>
</div>
`;
